error   : and in the darkness bind them.
critical: In the land of Mordor where the Shadows lie.
