Additional information.
I can not be more verbose than this!
