Running command "test".
Found registered command "test".
warning : Command "lmi.scripts.cmdtest.Show" is missing usage string. It will be inherited from parent command.
Connected to kvm-rhel7
One Ring to rule them all.
One Ring to find them.
warning : One Ring to bring them all
error   : and in the darkness bind them.
critical: In the land of Mordor where the Shadows lie.
