Additional information.
Enjoy tracebacks.
I can not be more verbose than this!
