Print the list of supported commands with short description.
If a subcommand is given, its detailed help will be printed.

Usage: help [<subcommand>...]
