List various types of software data.

Usage:
    list pkgs [(--installed | --available)]
    list repos [(--enabled | --disabled)]
